// Vitest Snapshot v1

exports[`settings icon is > in the document 1`] = `
<div>
  <div
    class="absolute overflow-auto rounded-md bg-white shadow-md dark:bg-zinc-900 "
  >
    some text
  </div>
</div>
`;
