// Jest Snapshot v1, https://goo.gl/fbAQLP

exports[`GeneralPanel should render content 1`] = `
<div>
  <div
    class="absolute overflow-auto rounded-md bg-white shadow-md dark:bg-zinc-900 "
  >
    some content
  </div>
</div>
`;
