// Jest Snapshot v1, https://goo.gl/fbAQLP

exports[`ModalRow should render row content 1`] = `
<div>
  <div
    class="my-1 flex items-center justify-start gap-5"
  >
    some text
  </div>
</div>
`;
