// Jest Snapshot v1, https://goo.gl/fbAQLP

exports[`SettingsModal should be in the document 1`] = `
<section
  class="flex flex-col border-y py-2 text-xl font-thin text-slate-600 dark:text-gray-400"
  data-testid="settings-modal"
>
  <div
    class="my-1 flex items-center justify-start gap-5"
  >
    <div
      class="flex w-1/2"
    >
      Greetings text
    </div>
    <input
      class="border-slate-100 focus:border-slate-300 mx-2 flex rounded-md border px-2 text-xl font-thin text-slate-600 focus:outline-none dark:border-gray-700 dark:bg-zinc-900 dark:text-gray-400 dark:focus:border-gray-500"
      data-testid="greetings-text-input"
      maxlength="20"
      placeholder="Have a beer"
      type="text"
      value="sample greeting"
    />
  </div>
  <div
    class="my-1 flex items-center justify-start gap-5"
  >
    <div
      class="flex flex-row items-center"
    >
      <div
        class="mr-2 flex items-center justify-center"
      >
        Day
      </div>
      <div
        class="z-10 block"
      >
        <button
          class="flex h-6 items-center justify-between rounded-md border border-slate-100 pl-2 text-base font-thin focus:border-slate-300 focus:outline-none dark:border-gray-700 dark:focus:border-gray-500"
          type="button"
        >
          Friday
          <svg
            class="mr-1 h-4 w-4 text-gray-500 "
            fill="none"
            role="img"
            stroke="currentColor"
            stroke-width="2"
            viewBox="0 0 24 24"
            xmlns="http://www.w3.org/2000/svg"
          >
            <path
              d="M19 9l-7 7-7-7"
              stroke-linecap="round"
              stroke-linejoin="round"
            />
          </svg>
        </button>
      </div>
    </div>
    <div
      class="flex flex-row items-center"
    >
      <div
        class="mr-2 flex items-center justify-center"
      >
        Hour
      </div>
      <div
        class="z-10 block"
      >
        <button
          class="flex h-6 items-center justify-between rounded-md border border-slate-100 pl-2 text-base font-thin focus:border-slate-300 focus:outline-none dark:border-gray-700 dark:focus:border-gray-500"
          type="button"
        >
          18:00
          <svg
            class="mr-1 h-4 w-4 text-gray-500 "
            fill="none"
            role="img"
            stroke="currentColor"
            stroke-width="2"
            viewBox="0 0 24 24"
            xmlns="http://www.w3.org/2000/svg"
          >
            <path
              d="M19 9l-7 7-7-7"
              stroke-linecap="round"
              stroke-linejoin="round"
            />
          </svg>
        </button>
      </div>
    </div>
  </div>
  <div
    class="my-1 flex items-center justify-start gap-5"
  >
    <div
      class="flex w-1/2"
    >
      Use system theme
    </div>
    <label
      class="flex items-center px-1 text-xl font-thin text-slate-600 dark:text-gray-400"
    >
      <span
        aria-checked="false"
        class="ml-4 flex h-6 w-12 flex-shrink-0 items-center justify-between rounded-full px-1 duration-300 ease-in-out bg-gray-200 dark:bg-slate-700"
        role="checkbox"
      >
        <span
          class="absolute flex h-5 w-5 rounded-full bg-white text-yellow-500 shadow-md duration-300 ease-in-out dark:bg-slate-900 "
        />
      </span>
    </label>
  </div>
</section>
`;
