// Jest Snapshot v1, https://goo.gl/fbAQLP

exports[`Header should render header component 1`] = `
<header
  class="my-2 mx-4 flex h-12 flex-row justify-between"
  data-testid="header"
>
  <div>
    Settings
  </div>
  <div>
    Switcher
  </div>
</header>
`;
