// Vitest Snapshot v1

exports[`text in the document > action text is visible 1`] = `
<h2
  class="text-center text-3xl font-thin uppercase"
>
  Time left to weekends
</h2>
`;

exports[`text in the document > snapshot 1`] = `
<h2
  class="text-center text-3xl font-thin uppercase"
>
  Time left to weekends
</h2>
`;
