// Vitest Snapshot v1

exports[`greetings text in the document > is visible 1`] = `
<div
  class="mt-32 text-center text-7xl font-thin uppercase"
>
  sample
</div>
`;
