// Jest Snapshot v1, https://goo.gl/fbAQLP

exports[`Description should render heading 1`] = `
<h1
  class="mt-20 text-center text-5xl font-thin uppercase"
>
  weekends countdown
</h1>
`;
