// Jest Snapshot v1, https://goo.gl/fbAQLP

exports[`Greetings should render greetings component 1`] = `
<div
  class="mt-32 text-center text-7xl font-thin uppercase"
>
  Sample greetings text
</div>
`;
