// Vitest Snapshot v1

exports[`toggle is > in the document 1`] = `
<span
  class="ml-4 flex h-6 w-12 flex-shrink-0 items-center justify-between rounded-full px-1 duration-300 ease-in-out bg-gray-200 dark:bg-slate-700"
  role="checkbox"
>
  <span
    class="absolute flex h-5 w-5 rounded-full bg-white text-yellow-500 shadow-md duration-300 ease-in-out dark:bg-slate-900 "
  />
</span>
`;
