// Vitest Snapshot v1

exports[`modal row > renders content 1`] = `
<div>
  <div
    class="my-1 flex items-center justify-start gap-5"
  >
    some text
  </div>
</div>
`;
