// Jest Snapshot v1, https://goo.gl/fbAQLP

exports[`Footer should render link with text 1`] = `
<a
  href="https://nac.in.ua"
  rel="noreferrer"
  target="_blank"
>
  nac.in.ua
</a>
`;
